{
  "data": {
    "changePassword": {
      "user": {
        "login": "login 1",
        "password": "newPassword"
      }
    }
  }
}