{
  "data": {
    "users": [
      {
        "login": "usah",
        "password": "123"
      }
    ]
  }
}
